Godot Engine v4.7.stable.official.5b4e0cb0f - https://godotengine.org

ERROR: Resource file not found: res://art/fonts/NotoSansKR-Regular.ttf (expected type: unknown)
   at: _load (core/io/resource_loader.cpp:325)
ERROR: Error loading custom project font 'res://art/fonts/NotoSansKR-Regular.ttf'
   at: initialize_theme (scene/theme/theme_db.cpp:84)
[   0% ] first_scan_filesystem | Started 프로젝트 초기화 (5 steps)
[   0% ] first_scan_filesystem | 파일 구조 스캔 중...
[  16% ] first_scan_filesystem | 전역 클래스 이름을 불러오는 중...
[  33% ] first_scan_filesystem | GDExtensions 검증 중...
[  50% ] first_scan_filesystem | 오토로드 스크립트를 만드는 중...
[  66% ] first_scan_filesystem | 플러그인을 초기화 중...
[  83% ] first_scan_filesystem | 파일 스캔 시작 중...
[ DONE ] first_scan_filesystem

[   0% ] _update_scan_actions | Started 액션 스캔 중... (2 steps)
[   0% ] _update_scan_actions | sentence_core.glb
[  33% ] _update_scan_actions | sentence_core_preview.png
[ DONE ] _update_scan_actions

[   0% ] reimport | Started 애셋 (다시) 가져오는 중 (2 steps)
[   0% ] reimport | 다시 가져올 파일을 준비 중...
[  33% ] reimport | 다시 가져올 파일을 준비 중...
[   0% ] reimport | 다시 가져오기 전 작업을 수행 중...
[   0% ] preload_reimporting_scene | Started 다시 불러오기를 위해 씬 준비 중 (1 steps)
[   0% ] preload_reimporting_scene | 씬 [비었음] 분석 중
[  50% ] preload_reimporting_scene | 준비가 완료되었습니다.
[ DONE ] preload_reimporting_scene

[   0% ] reimport | sentence_core_preview.png
[  33% ] reimport | sentence_core.glb
[   0% ] import | Started 씬 가져오기 (104 steps)
[   0% ] import | 씬 가져오는 중...
[   1% ] import | 커스텀 스크립트 실행 중...
[  99% ] import | 저장 중...
[ DONE ] import

[  66% ] reimport | 애셋 가져오기 마무리 중...
[ DONE ] reimport

[   0% ] reimport | Started 애셋 (다시) 가져오는 중 (2 steps)
[   0% ] reimport | 다시 가져오기 후 작업을 수행 중...
[ DONE ] reimport

[   0% ] loading_editor_layout | Started 편집기를 불러오는 중 (5 steps)
[   0% ] loading_editor_layout | 편집기 레이아웃을 불러오는 중...
[  16% ] loading_editor_layout | 독을 불러오는 중...
[ DONE ] loading_editor_layout

